[use.fontawesome.com/releases/v5.8.1/css/all.css]
[stackpath.bootstrapcdn.com/bootstrap/4.3.1/css/bootstrap.min.css]
[backblue.gif]
[fade.gif]
[index.html]
[code.jquery.com/jquery-3.3.1.js]
[www.faimconference.org/templates/faimconference2/favicon.ico]
[www.faimconference.org/plugins/system/maximenuckmobile/themes/custom/maximenuckmobile.css]
[www.faimconference.org/plugins/system/jce/css/contentd666.css]
[www.faimconference.org/templates/faimconference2/css/templatebb21.css]
[www.faimconference.org/templates/faimconference2/css/faimconferencebb21.css]
[www.faimconference.org/templates/faimconference2/css/responsivebb21.css]
[www.faimconference.org/modules/mod_maximenuck/themes/blank/css/maximenuck45fd.css]
[www.faimconference.org/modules/mod_maximenuck/assets/maximenuresponsiveck.css]
[www.faimconference.org/media/widgetkit/wk-styles-e638dee8.css]
[www.faimconference.org/media/jui/js/jquery.minbb21.js]
[www.faimconference.org/media/jui/js/jquery-noconflictbb21.js]
[www.faimconference.org/media/jui/js/jquery-migrate.minbb21.js]
[www.faimconference.org/media/system/js/captionbb21.js]
[www.faimconference.org/media/system/js/corebb21.js]
[www.faimconference.org/media/jui/js/bootstrap.minbb21.js]
[www.faimconference.org/plugins/system/maximenuckmobile/assets/maximenuckmobile.js]
[www.faimconference.org/templates/faimconference2/js/templatebb21.js]
[www.faimconference.org/media/jui/js/jquery.ui.core.minbb21.js]
[www.faimconference.org/modules/mod_maximenuck/assets/maximenuck.js]
[www.faimconference.org/media/widgetkit/uikit2-df4d6bcd.js]
[www.faimconference.org/media/widgetkit/wk-scripts-c080fea1.js]
[static.elfsight.com/platform/platform.js]
[www.faimconference.org/images/FAIM2024/BU Final FAIM logo 2025 (transparent)2.png]
[www.faimconference.org/images/FAIM2024/logo_menu_2025_long.png]
[www.faimconference.org/conference/theme-and-topics.html]
[www.faimconference.org/conference/hosting-institution.html]
[www.faimconference.org/conference/organizing-committee.html]
[www.faimconference.org/conference/history.html]
[www.faimconference.org/conference/contacts.html]
[www.faimconference.org/participation/registration-fee.html]
[www.faimconference.org/participation/photos-gallery.html]
[www.faimconference.org/participation/faim-conferences-structure.html]
[www.faimconference.org/participation/for-faim-2024-participants.html]
[www.faimconference.org/submissions/fast-tracksubmission.html]
[www.faimconference.org/submissions/abstract-submission.html]
[www.faimconference.org/program/general-program.html]
[www.faimconference.org/program/keynote-speakers.html]
[www.faimconference.org/program/plant-tours.html]
[www.faimconference.org/travel-info/things-to-do-in-NYC.html]
[www.faimconference.org/travel-info/quick-facts-about-NYC.html]
[www.faimconference.org/travel-info/conference-venue.html]
[www.faimconference.org/images/FAIM2024/NYCgif]
[www.faimconference.org/images/FAIM2024/CFP_-_FAIM2024.pdf]
[www.faimconference.org/images/FAIM2024/5.png]
[www.faimconference.org/images/Your_paragraph_text_1.png]
[cdn.logwork.com/widget/countdown.js]
[code.jquery.com/jquery-3.3.1.slim.min.js]
[cdnjs.cloudflare.com/ajax/libs/popper.js/1.14.7/umd/popper.min.js]
[www.faimconference.org/index.html]
[use.fontawesome.com/releases/v5.8.1/css/all.css]
[stackpath.bootstrapcdn.com/bootstrap/4.3.1/css/bootstrap.min.css]
[www.faimconference.org/plugins/system/maximenuckmobile/themes/custom/maximenuckmobile.css]
[www.faimconference.org/plugins/system/jce/css/contentd666.css]
[stackpath.bootstrapcdn.com/bootstrap/4.3.1/js/bootstrap.min.js]
[www.faimconference.org/media/jui/fonts/IcoMoon.eot]
[www.faimconference.org/media/jui/fonts/IcoMoond41d.eot]
[www.faimconference.org/media/jui/fonts/IcoMoon.woff]
[www.faimconference.org/media/jui/fonts/IcoMoon.ttf]
[www.faimconference.org/templates/faimconference2/css/templatebb21.css]
[www.faimconference.org/media/jui/fonts/IcoMoon.svg]
[www.faimconference.org/images/home-icons/call-for-paper.png]
[www.faimconference.org/images/home-icons/map-icon.png]
[www.faimconference.org/images/home-icons/contact-icon.png]
[www.faimconference.org/templates/faimconference2/css/faimconferencebb21.css]
[www.faimconference.org/templates/faimconference2/css/responsivebb21.css]
[www.faimconference.org/modules/mod_maximenuck/themes/blank/images/transparent.gif]
[www.faimconference.org/modules/mod_maximenuck/themes/blank/css/maximenuck45fd.css]
[www.faimconference.org/modules/mod_maximenuck/assets/maximenuresponsiveck.css]
[www.faimconference.org/media/widgetkit/fonts/fontawesome-webfont.woff2]
[www.faimconference.org/media/widgetkit/fonts/fontawesome-webfont.woff]
[www.faimconference.org/media/widgetkit/wk-styles-e638dee8.css]
[www.faimconference.org/media/widgetkit/fonts/fontawesome-webfont.ttf]
[www.faimconference.org/plugins/system/cookiespolicynotificationbar/assets/css/style.css]
[www.faimconference.org/plugins/system/cookiespolicynotificationbar/assets/css/custom.css]
[www.faimconference.org/plugins/system/cookiespolicynotificationbar/assets/js/jquery.cookiesdirective.js]
[www.faimconference.org/conference/theme-and-topics.html]
[www.faimconference.org/plugins/system/cookiespolicynotificationbar/assets/js/custom_en_GB.js]
[www.faimconference.org/images/FAIM2024/Feng_Chia_University.jpg]
[www.faimconference.org/images/FAIM2024/Tourism_Bureau.jpg]
[www.faimconference.org/conference/hosting-institution.html]
[www.faimconference.org/conference/organizing-committee.html]
[upload.wikimedia.org/wikipedia/commons/thumb/5/5c/Flag_of_Portugal.svg/255px-Flag_of_Portugal.svg.png]
[upload.wikimedia.org/wikipedia/en/thumb/a/a4/Flag_of_the_United_States.svg/255px-Flag_of_the_United_States.svg.png]
[upload.wikimedia.org/wikipedia/commons/thumb/5/5c/Flag_of_Greece.svg/255px-Flag_of_Greece.svg.png]
[upload.wikimedia.org/wikipedia/commons/thumb/4/45/Flag_of_Ireland.svg/255px-Flag_of_Ireland.svg.png]
[upload.wikimedia.org/wikipedia/en/thumb/0/03/Flag_of_Italy.svg/255px-Flag_of_Italy.svg.png]
[upload.wikimedia.org/wikipedia/commons/thumb/0/09/Flag_of_South_Korea.svg/255px-Flag_of_South_Korea.svg.png]
[upload.wikimedia.org/wikipedia/en/thumb/a/ae/Flag_of_the_United_Kingdom.svg/255px-Flag_of_the_United_Kingdom.svg.png]
[upload.wikimedia.org/wikipedia/commons/thumb/b/bc/Flag_of_Finland.svg/255px-Flag_of_Finland.svg.png]
[upload.wikimedia.org/wikipedia/commons/thumb/7/72/Flag_of_the_Republic_of_China.svg/255px-Flag_of_the_Republic_of_China.svg.png]
[upload.wikimedia.org/wikipedia/en/thumb/4/4c/Flag_of_Sweden.svg/255px-Flag_of_Sweden.svg.png]
[upload.wikimedia.org/wikipedia/commons/thumb/8/89/Bandera_de_España.svg/200px-Bandera_de_España.svg.png]
[upload.wikimedia.org/wikipedia/commons/thumb/d/d9/Flag_of_Canada_(Pantone).svg/255px-Flag_of_Canada_(Pantone).svg.png]
[upload.wikimedia.org/wikipedia/en/thumb/b/ba/Flag_of_Germany.svg/255px-Flag_of_Germany.svg.png]
[upload.wikimedia.org/wikipedia/commons/thumb/2/20/Flag_of_the_Netherlands.svg/255px-Flag_of_the_Netherlands.svg.png]
[www.faimconference.org/conference/history.html]
[www.faimconference.org/conference/contacts.html]
[www.faimconference.org/images/FAIM2024/BU Registration Fee.png]
[www.faimconference.org/participation/registration-fee.html]
[www.faimconference.org/participation/photos-gallery.html]
[www.faimconference.org/participation/faim-conferences-structure.html]
[www.faimconference.org/participation/for-faim-2024-participants.html]
[www.faimconference.org/images/Blue_and_White_Cursor_Click_Social_Media_Day_Social_Media_Graphic_1.png]
[www.faimconference.org/images/2022-Documents/Springer_Guidelines_for_Authors_of_Proceedings.pdf]
[www.faimconference.org/images/2022-Documents/splnproc1703.zip]
[www.faimconference.org/images/2022-Documents/ProcSci_TeX.zip]
[www.faimconference.org/submissions/fast-tracksubmission.html]
[www.faimconference.org/images/FAIM2024/abstract-submission-button.png]
[www.faimconference.org/submissions/abstract-submission.html]
[www.faimconference.org/images/FAIM2024/Abstract_Submission_Form_FAIM2024.docx]
[www.faimconference.org/images/FAIM2024/BU Scehdule.png]
[www.faimconference.org/program/general-program.html]
[www.faimconference.org/images/FAIM2024/Mohammad Yunus.png]
[www.faimconference.org/program/keynote-speakers/10-program/69-dr-fujimoto-takahiro.html]
[www.faimconference.org/images/FAIM2024/Home.png]
[www.faimconference.org/images/FAIM2024/Fu Fuming.png]
[www.faimconference.org/program/keynote-speakers/10-program/70-dr-janis-terpenny-bio.html]
[www.faimconference.org/images/FAIM2024/Biography.png]
[www.faimconference.org/program/keynote-speakers/10-program/71-dr-janis-terpenny-abstract.html]
[www.faimconference.org/images/FAIM2024/Abstract.png]
[www.faimconference.org/images/FAIM2024/Dr.Jonathan_Chang.png]
[www.faimconference.org/program/keynote-speakers/10-program/79-dr-jonathan-chang-bio.html]
[www.faimconference.org/program/keynote-speakers/10-program/78-dr-jonathan-chang-abstract.html]
[www.faimconference.org/images/FAIM2024/White_Minimal_Live_Webinar_Conference_Instagram_Post_3.png]
[www.faimconference.org/program/keynote-speakers.html]
[www.faimconference.org/program/keynote-speakers/10-program/80-dr-yungpin-cheng-bio.html]
[www.faimconference.org/images/FAIM2024/Industrial_Tour/Corporate-visit.jpg]
[www.faimconference.org/images/FAIM2024/gigabyte-R1.jpg]
[www.faimconference.org/images/FAIM2024/Industrial_Tour/TSMC_0.jpg]
[www.faimconference.org/images/FAIM2024/Industrial_Tour/AIDC_0.jpg]
[www.faimconference.org/images/FAIM2024/indus_3.jpg]
[www.faimconference.org/images/FAIM2024/Industrial_Tour/Victor-Taichung_0.jpg]
[www.faimconference.org/images/FAIM2024/TURVO_0.jpg]
[www.faimconference.org/program/plant-tours.html]
[www.faimconference.org/travel-info/things-to-do-in-NYC/15-travel-info/Manhattan.html]
[www.faimconference.org/images/FAIM2024/Travel_Info/Northern.png]
[www.faimconference.org/travel-info/things-to-do-in-NYC/15-travel-info/Queens.html]
[www.faimconference.org/images/FAIM2024/Travel_Info/Central.png]
[www.faimconference.org/travel-info/things-to-do-in-NYC/15-travel-info/Brooklyn.html]
[www.faimconference.org/images/FAIM2024/Travel_Info/Southern.png]
[www.faimconference.org/travel-info/things-to-do-in-NYC/15-travel-info/Staten Island.html]
[www.faimconference.org/images/FAIM2024/Travel_Info/Earthern.png]
[www.faimconference.org/travel-info/things-to-do-in-NYC.html]
[www.faimconference.org/images/FAIM2024/1-Quick_facts.png]
[www.faimconference.org/travel-info/quick-facts-about-NYC.html]
[www.faimconference.org/images/FAIM2024/2.png]
[www.faimconference.org/images/FAIM2024/Venue/3.png]
[www.faimconference.org/images/FAIM2024/Venue/4.png]
[www.faimconference.org/images/FAIM2024/Venue/Hotels_Business_Website_in_Brown_White_Modern_Elegance_Style_5.png]
[www.faimconference.org/images/FAIM2024/Venue/Hotels_Business_Website_in_Brown_White_Modern_Elegance_Style_3.png]
[www.faimconference.org/images/FAIM2024/Venue/Hotels_Business_Website_in_Brown_White_Modern_Elegance_Style_6.png]
[www.faimconference.org/travel-info/conference-venue.html]
[www.faimconference.org/media/jui/fonts/IcoMoon.svg]
[www.faimconference.org/plugins/system/cookiespolicynotificationbar/assets/css/style.css]
[www.faimconference.org/plugins/system/cookiespolicynotificationbar/assets/css/custom.css]
[www.faimconference.org/program/keynote-speakers/10-program/69-dr-fujimoto-takahiro.html]
[www.faimconference.org/program/keynote-speakers/10-program/70-dr-janis-terpenny-bio.html]
[www.faimconference.org/program/keynote-speakers/10-program/71-dr-janis-terpenny-abstract.html]
[www.faimconference.org/program/keynote-speakers/10-program/79-dr-jonathan-chang-bio.html]
[www.faimconference.org/program/keynote-speakers/10-program/78-dr-jonathan-chang-abstract.html]
[www.faimconference.org/program/keynote-speakers/10-program/80-dr-yungpin-cheng-bio.html]
[www.faimconference.org/images/FAIM2024/Travel_Info/10.png]
[www.faimconference.org/images/FAIM2024/Travel_Info/11.png]
[www.faimconference.org/images/FAIM2024/Travel_Info/12.png]
[www.faimconference.org/travel-info/things-to-do-in-NYC/15-travel-info/Manhattan.html]
[www.faimconference.org/images/FAIM2024/1.png]
[www.faimconference.org/images/FAIM2024/3.png]
[www.faimconference.org/images/FAIM2024/4.png]
[www.faimconference.org/travel-info/things-to-do-in-NYC/15-travel-info/Queens.html]
[www.faimconference.org/images/FAIM2024/Travel_Info/13.png]
[www.faimconference.org/images/FAIM2024/Travel_Info/14.png]
[www.faimconference.org/images/FAIM2024/Travel_Info/15.png]
[www.faimconference.org/travel-info/things-to-do-in-NYC/15-travel-info/Brooklyn.html]
[www.faimconference.org/images/FAIM2024/Travel_Info/16.png]
[www.faimconference.org/images/FAIM2024/Travel_Info/17.png]
[www.faimconference.org/travel-info/things-to-do-in-NYC/15-travel-info/Staten Island.html]
